// Jest Snapshot v1, https://goo.gl/fbAQLP

exports[`Force Password Update page structure should match the snapshot 1`] = `
<DocumentFragment>
  <div
    class="container mt-5"
  >
    <h2>
      Change Password
    </h2>
    <form
      class="col-md-6 xs-12"
    >
      <div
        class="form-group "
      >
        <label
          for="newpassword"
        >
          New Password:
        </label>
        <input
          class="form-control"
          id="newpassword"
          name="newpassword"
          type="password"
          value=""
        />
      </div>
      <div
        class="form-group "
      >
        <label
          for="confirmnewpassword"
        >
          Confirm Password:
        </label>
        <input
          class="form-control"
          data-refers="newpassword"
          id="confirmnewpassword"
          name="confirmnewpassword"
          type="password"
          value=""
        />
      </div>
      <button
        class="btn btn-primary"
        disabled=""
        style="box-shadow: 2px 2px 4px 1px lightgray;"
      >
        Submit
      </button>
    </form>
  </div>
</DocumentFragment>
`;
