// Jest Snapshot v1, https://goo.gl/fbAQLP

exports[`FormattedReport Component Snapshot with mocked data 1`] = `
<DocumentFragment>
  <div>
    <div
      style="padding: 20px 0px; margin-top: 5px; border-bottom: 1px solid #dee2e6;"
    >
      <b>
        Name:
      </b>
       A B
      <br />
      <b>
        Media URL:
      </b>
       
      <a
        href="a"
        rel="noopener noreferrer"
        target="_blank"
      >
        Open link to media files
      </a>
      <br />
      <b>
        Total Valid Weekly Summaries:
      </b>
       3
      <br />
      <b>
        Weekly Summary
      </b>
       (for the week ending on 
      <b>
        2020-06-27
      </b>
      ):
      <br />
      <div
        style="padding: 10px 20px 0px;"
      >
        Week 2 summary
      </div>
    </div>
    <div
      style="padding: 20px 0px; margin-top: 5px; border-bottom: 1px solid #dee2e6;"
    >
      <b>
        Name:
      </b>
       C D
      <br />
      <b>
        Media URL:
      </b>
       Not provided!
      <br />
      <b>
        Total Valid Weekly Summaries:
      </b>
       1
      <br />
      <div>
        <b>
          Weekly Summary:
        </b>
         Not provided!
      </div>
    </div>
    <div
      style="padding: 20px 0px; margin-top: 5px; border-bottom: 1px solid #dee2e6;"
    >
      <b>
        Name:
      </b>
       E F
      <br />
      <b>
        Media URL:
      </b>
       Not provided!
      <br />
      <b>
        Total Valid Weekly Summaries:
      </b>
       No valid submissions yet!
      <br />
      <div>
        <b>
          Weekly Summary:
        </b>
         Not provided!
      </div>
    </div>
  </div>
</DocumentFragment>
`;
